Initializing GameAnalytics
GameAnalytics - Initializing http client
GameAnalytics - Initializing Log
Godot Engine v4.7.stable.official.5b4e0cb0f - https://godotengine.org
OpenGL API 4.1 Metal - 89.4 - Compatibility - Using Device: Apple - Apple M3

Movie Maker mode enabled, recording movie in 1920×1080 @ 60 FPS...
2026-09-28 10:58:48.734 godot[74219:27258798] not in fullscreen state
CAPTURE spore-mortar close 1 vs 3
CAPTURE spore-mortar army 10 vs 18
CAPTURE complete spore-mortar frames=960
ERROR: Texture with GL ID of 29: leaked 21844 bytes.
   at: ~Utilities (drivers/gles3/storage/utilities.cpp:82)
ERROR: Texture with GL ID of 31: leaked 21844 bytes.
   at: ~Utilities (drivers/gles3/storage/utilities.cpp:82)
ERROR: Texture with GL ID of 32: leaked 21844 bytes.
   at: ~Utilities (drivers/gles3/storage/utilities.cpp:82)
ERROR: Parameter "RenderingServer::get_singleton()" is null.
   at: ~CompressedTexture2D (scene/resources/compressed_texture.cpp:464)
ERROR: Parameter "RenderingServer::get_singleton()" is null.
   at: ~CompressedTexture2D (scene/resources/compressed_texture.cpp:464)
ERROR: Parameter "RenderingServer::get_singleton()" is null.
   at: ~CompressedTexture2D (scene/resources/compressed_texture.cpp:464)
WARNING: 7 ObjectDB instances were leaked at exit (run with `--verbose` for details).
   at: cleanup (core/object/object.cpp:2535)
ERROR: 2 resources still in use at exit (run with --verbose for details).
   at: clear (core/io/resource.cpp:822)
--------------------------------------------------------------------------------
Done recording movie at path: /Users/cauldron/Git/mycelium-prototype/steam/campaigns/2026-09-28-combo-reels/work/spore-mortar-timing.avi
991 frames at 60 FPS (movie length: 00:00:16:31), recorded in 00:01:11 (22% of real-time speed).
CPU render time: 0.49 seconds (average: 0.50 ms/frame)
GPU render time: 0.00 seconds (average: 0.00 ms/frame)
Encoding time: 17.70 seconds (average: 17.87 ms/frame)
--------------------------------------------------------------------------------
ERROR: 3 RID allocations of type 'N5GLES37TextureE' were leaked at exit.
